
[Test/GivenUsers_WhenGetOneUser_ThenMatchSnapshot - 1]
response.UserResponse{Name:"Bart Beatty", Email:"cordiajacobi@carroll.net"}
---

[Test/GivenUsers_WhenGetUsers_ThenMatchSnapshot - 1]
response.PageableResponse[github.com/NicklasWallgren/go-template/adapters/driver/api/users/response.UserResponse]{
    Content: {
        {Name:"Bart Beatty", Email:"cordiajacobi@carroll.net"},
        {Name:"Merle Quigley", Email:"arianerice@hackett.com"},
        {Name:"Mathias Hauck", Email:"verlaabshire@will.name"},
        {Name:"Sim Erdman", Email:"marquiseerdman@jacobi.io"},
        {Name:"Millie Purdy", Email:"helgaschumm@haley.name"},
    },
    Empty:            false,
    Number:           0,
    NumberOfElements: 5,
    TotalElements:    5,
    TotalPages:       0,
}
---

[Test/GivenValidRequest_WhenSaveUser_ThenMatchSnapshot - 1]
response.UserResponse{Name:"Bart Beatty", Email:"cordiajacobi@carroll.net"}
---

[Test/GivenValidUpdateRequest_WhenUpdateUser_ThenMatchSnapshot - 1]
response.UserResponse{Name:"Bart Beatty", Email:"cordiajacobi@carroll.net"}
---
